C251 COMPILER V5.60.0,  display                                                            21/09/22  15:15:38  PAGE 1   


C251 COMPILER V5.60.0, COMPILATION OF MODULE display
OBJECT MODULE PLACED IN .\Objects\display.obj
COMPILER INVOKED BY: D:\SDK\Keil_V5\C251\BIN\C251.EXE Sources\User\display.c XSMALL OA FUNCTIONS(REENTRANT) BROWSE INCDI
                    -R(.\Sources\User;.\Sources\User\include;.\Sources\FreeRTOS\include;.\Sources\FreeRTOS\portable\STC32G12K128) DEBUG PRINT
                    -(.\Listings\display.lst) TABS(2) OBJECT(.\Objects\display.obj) 

stmt  level    source

    1          #include "FreeRTOS.h"
    2          #include "task.h"
    3          
    4          #include "display.h"
    5          
    6          static void prvDisplayInit( void );
    7          static void prvDisplayUpdate( void );
    8          
    9          static uint8_t ucDisplayIndex;                          //显示位索引
   10          uint8_t pucLEDBuffer[8];                                //显示缓冲
   11          
   12          
   13          /* 显示任务函数 */
   14          portTASK_FUNCTION_PROTO( vDisplayTask, pvParameters )
   15          {
   16   1        UNUSED( pvParameters );
   17   1          
   18   1          prvDisplayInit();
   19   1          while(1)
   20   1          {
   21   2              prvDisplayUpdate();
   22   2              
   23   2              vTaskDelay(2);
   24   2          }
   25   1          
   26   1          vTaskDelete(NULL);
   27   1      }   
   28          
   29          static void prvDisplayInit( void )
   30          {
   31   1          uint8_t index;
   32   1          
   33   1          for (index = 0; index < 8; index++)
   34   1              pucLEDBuffer[index] = DIS_BLACK;
   35   1          
   36   1          ucDisplayIndex = 0;
   37   1      }
   38          
   39          static void prvDisplayUpdate( void )
   40          {
   41   1          static uint8_t code pucBITMAP[] =                   //位码
   42   1          {
   43   1              0x01,0x02,0x04,0x08,0x10,0x20,0x40,0x80
   44   1          };
   45   1          static uint8_t code pucDISPLAY[] =                  //标准字库
   46   1          {
   47   1          //   0    1    2    3    4    5    6    7    8    9    A    B    C    D    E    F
   48   1              0x3F,0x06,0x5B,0x4F,0x66,0x6D,0x7D,0x07,0x7F,0x6F,0x77,0x7C,0x39,0x5E,0x79,0x71,
   49   1          //black  -     H    J    K    L    N    o   P    U     t    G    Q    r   M    y
   50   1              0x00,0x40,0x76,0x1E,0x70,0x38,0x37,0x5C,0x73,0x3E,0x78,0x3d,0x67,0x50,0x37,0x6e,
   51   1          //   0.   1.   2.   3.   4.   5.   6.   7.   8.   9.   -1
   52   1              0xBF,0x86,0xDB,0xCF,0xE6,0xED,0xFD,0x87,0xFF,0xEF,0x46
   53   1          };
   54   1          
   55   1        P6 = 0x00;                                          //防止鬼影
   56   1        P7 = ~pucBITMAP[7-ucDisplayIndex];
   57   1        P6 = ~pucDISPLAY[pucLEDBuffer[ucDisplayIndex]];
C251 COMPILER V5.60.0,  display                                                            21/09/22  15:15:38  PAGE 2   

   58   1          
   59   1          if(++ucDisplayIndex >= 8)
   60   1              ucDisplayIndex = 0;                             //8位结束回0
   61   1      }
   62          


Module Information          Static   Overlayable
------------------------------------------------
  code size            =       165     ------
  ecode size           =    ------     ------
  data size            =    ------     ------
  idata size           =    ------     ------
  pdata size           =    ------     ------
  xdata size           =    ------     ------
  xdata-const size     =    ------     ------
  edata size           =         9     ------
  bit size             =    ------     ------
  ebit size            =    ------     ------
  bitaddressable size  =    ------     ------
  ebitaddressable size =    ------     ------
  far data size        =    ------     ------
  huge data size       =    ------     ------
  const size           =    ------     ------
  hconst size          =    ------     ------
End of Module Information.


C251 COMPILATION COMPLETE.  0 WARNING(S),  0 ERROR(S)
